// Vitest Snapshot v1, https://vitest.dev/guide/snapshot.html

exports[`Bottom > DOM structure 1`] = `
<div
  class="ohu-bottom"
>
  <div
    class="ohu-card has-radius has-padding"
  >
    <div
      class="ohu-card__content"
    />
  </div>
</div>
`;

exports[`Bottom DOM structure 1`] = `
<div
  class="ohu-bottom"
>
  <div
    class="ohu-card has-radius has-padding"
  >
    <div
      class="ohu-card__content"
    />
  </div>
</div>
`;
