// Jest Snapshot v1, https://goo.gl/fbAQLP

exports[`NoticeBar action 1`] = `
<div class="ohu-notice-bar has-action is-default">
  <div class="ohu-notice-bar__icon">S</div>
  <div class="ohu-notice-bar__text is-inline">
    <div>Text</div>
  </div>
  <div role="button" class="ohu-notice-bar__action"><svg viewBox="0 0 24 24" aria-hidden="true" tabindex="-1" title="arrow-right-s" role="presentation" focusable="false" class="ohu-icon">
      <path fill="none" d="M0 0h24v24H0z"></path>
      <path d="M13.172 12l-4.95-4.95 1.414-1.414L16 12l-6.364 6.364-1.414-1.414z"></path>
    </svg></div>
</div>
`;

exports[`NoticeBar close event 1`] = `
<div class="ohu-notice-bar has-action is-default">
  <div class="ohu-notice-bar__text is-inline">
    <div>Text</div>
  </div>
  <div role="button" class="ohu-notice-bar__action"><svg viewBox="0 0 24 24" aria-hidden="true" tabindex="-1" title="close" role="presentation" focusable="false" class="ohu-icon">
      <path fill="none" d="M0 0h24v24H0z"></path>
      <path d="M12 10.586l4.95-4.95 1.414 1.414-4.95 4.95 4.95 4.95-1.414 1.414-4.95-4.95-4.95 4.95-1.414-1.414 4.95-4.95-4.95-4.95L7.05 5.636z"></path>
    </svg></div>
</div>
`;

exports[`NoticeBar multiline 1`] = `
<div class="ohu-notice-bar is-default">
  <div class="ohu-notice-bar__text is-wrap">
    <div>longtextlongtextlongtextlongtextlongtextlongtextlongtextlongtextlongtextlongtext</div>
  </div>
</div>
`;

exports[`NoticeBar set icon 1`] = `
<div class="ohu-notice-bar has-icon is-default">
  <div class="ohu-notice-bar__icon"><svg viewBox="0 0 24 24" aria-hidden="true" tabindex="-1" title="volume-down" role="presentation" focusable="false" class="ohu-icon">
      <path fill="none" d="M0 0h24v24H0z"></path>
      <path d="M13 7.22L9.603 10H6v4h3.603L13 16.78V7.22zM8.889 16H5a1 1 0 0 1-1-1V9a1 1 0 0 1 1-1h3.889l5.294-4.332a.5.5 0 0 1 .817.387v15.89a.5.5 0 0 1-.817.387L8.89 16zm9.974.591l-1.422-1.422A3.993 3.993 0 0 0 19 12c0-1.43-.75-2.685-1.88-3.392l1.439-1.439A5.991 5.991 0 0 1 21 12c0 1.842-.83 3.49-2.137 4.591z"></path>
    </svg></div>
  <div class="ohu-notice-bar__text is-inline">
    <div>Text</div>
  </div>
</div>
`;
